This is pdfTeX, Version 3.141592653-2.6-1.40.29 (TeX Live 2026) (preloaded format=pdflatex 2026.5.14)  12 JUL 2026 21:29
entering extended mode
 restricted \write18 enabled.
 %&-line parsing enabled.
**"section and chapters.tex"
(./section and chapters.tex
LaTeX2e <2025-11-01>
L3 programming layer <2026-03-20>
(/app/texlive/texmf-dist/tex/latex/base/article.cls
Document Class: article 2025/01/22 v1.4n Standard LaTeX document class
(/app/texlive/texmf-dist/tex/latex/base/size10.clo
File: size10.clo 2025/01/22 v1.4n Standard LaTeX file (size option)
)
\c@part=\count275
\c@section=\count276
\c@subsection=\count277
\c@subsubsection=\count278
\c@paragraph=\count279
\c@subparagraph=\count280
\c@figure=\count281
\c@table=\count282
\abovecaptionskip=\skip49
\belowcaptionskip=\skip50
\bibindent=\dimen150
)
(/app/texlive/texmf-dist/tex/latex/blindtext/blindtext.sty
Package: blindtext 2012/01/06 V2.0 blindtext-Package

(/app/texlive/texmf-dist/tex/latex/tools/xspace.sty
Package: xspace 2014/10/28 v1.13 Space after command names (DPC,MH)
)
\c@blindtext=\count283
\c@Blindtext=\count284
\c@blind@countparstart=\count285
\blind@countxx=\count286
\blindtext@numBlindtext=\count287
\blind@countyy=\count288
\c@blindlist=\count289
\c@blindlistlevel=\count290
\c@blindlist@level=\count291
\blind@listitem=\count292
\c@blind@listcount=\count293
\c@blind@levelcount=\count294
\blind@mathformula=\count295
\blind@Mathformula=\count296
\c@blind@randomcount=\count297
\c@blind@randommax=\count298
\c@blind@pangramcount=\count299
\c@blind@pangrammax=\count300
)
(/app/texlive/texmf-dist/tex/latex/base/fontenc.sty
Package: fontenc 2025/07/18 v2.1d Standard LaTeX package
)
(/app/texlive/texmf-dist/tex/latex/url/url.sty
\Urlmuskip=\muskip17
Package: url 2013/09/16  ver 3.4  Verb mode for urls, etc.
)
(/app/texlive/texmf-dist/tex/latex/l3backend/l3backend-pdftex.def
File: l3backend-pdftex.def 2026-02-18 L3 backend support: PDF output (pdfTeX)
\l__color_backend_stack_int=\count301
)
(./section and chapters.aux)
\openout1 = `"section and chapters.aux"'.

LaTeX Font Info:    Checking defaults for OML/cmm/m/it on input line 11.
LaTeX Font Info:    ... okay on input line 11.
LaTeX Font Info:    Checking defaults for OMS/cmsy/m/n on input line 11.
LaTeX Font Info:    ... okay on input line 11.
LaTeX Font Info:    Checking defaults for OT1/cmr/m/n on input line 11.
LaTeX Font Info:    ... okay on input line 11.
LaTeX Font Info:    Checking defaults for T1/cmr/m/n on input line 11.
LaTeX Font Info:    ... okay on input line 11.
LaTeX Font Info:    Checking defaults for TS1/cmr/m/n on input line 11.
LaTeX Font Info:    ... okay on input line 11.
LaTeX Font Info:    Checking defaults for OMX/cmex/m/n on input line 11.
LaTeX Font Info:    ... okay on input line 11.
LaTeX Font Info:    Checking defaults for U/cmr/m/n on input line 11.
LaTeX Font Info:    ... okay on input line 11.
LaTeX Font Info:    External font `cmex10' loaded for size
(Font)              <12> on input line 13.
LaTeX Font Info:    External font `cmex10' loaded for size
(Font)              <8> on input line 13.
LaTeX Font Info:    External font `cmex10' loaded for size
(Font)              <6> on input line 13.

Overfull \hbox (3.69263pt too wide) in paragraph at lines 19--20
\T1/cmr/m/n/10 doc-u-mented a re-cur-ring phe-nomenon on Face-book, Tik-Tok, an
d YouTube: videos
 []

[1

{/app/texlive/texmf-var/fonts/map/pdftex/updmap/pdftex.map}{/app/texlive/texmf-
dist/fonts/enc/dvips/cm-super/cm-super-t1.enc}]
Overfull \hbox (0.88776pt too wide) in paragraph at lines 27--28
\T1/cmr/m/n/10 citebma2026 Copy-right take-down and mut-ing sit in-side this sa
me broader ecosys-
 []


Overfull \hbox (15.24811pt too wide) in paragraph at lines 29--29
[]\T1/cmr/bx/n/14.4 The #Re-ject-Fi-nance-Bill2024 Move-ment and Dig-
 []

[2] [3{/app/texlive/texmf-dist/fonts/enc/dvips/cm-super/cm-super-ts1.enc}]
[4]
Overfull \hbox (8.01566pt too wide) in paragraph at lines 63--64
\T1/cmr/m/n/10 copy-right claims were gen-uine or strate-gi-cally de-ployed to 
si-lence dis-sent. Whether
 []

[5]
Overfull \hbox (1.85974pt too wide) in paragraph at lines 74--75
\T1/cmr/m/n/10 form gov-er-nance, how-ever, op-er-ates largely out-side Kenya's
 do-mes-tic le-gal frame-
 []


Overfull \hbox (1.39377pt too wide) in paragraph at lines 82--84
[]\T1/cmr/m/n/10 Public in-ter-est: Par-lia-men-tary pro-ceed-ings and pub-lic 
state-ments ar-guably
 []

[6]
Overfull \hbox (1.13211pt too wide) in paragraph at lines 94--95
[]\T1/cmr/m/n/10 Third, and most con-se-quen-tial, si-lence cre-ates an ev-i-de
n-tiary vac-uum. Muted
 []

[7]
Overfull \hbox (1.25491pt too wide) in paragraph at lines 125--126
\T1/cmr/m/n/10 mod-er-a-tion poli-cies and dis-ag-gre-gated pub-lic re-port-ing
 on political-content
 []

[8]
No file "section and chapters".bbl.
[9] (./section and chapters.aux)
 ***********
LaTeX2e <2025-11-01>
L3 programming layer <2026-03-20>
 ***********
 ) 
Here is how much of TeX's memory you used:
 997 strings out of 467363
 15601 string characters out of 5419001
 445951 words of memory out of 6000000
 30127 multiletter control sequences out of 15000+600000
 636947 words of font info for 58 fonts, out of 8000000 for 9000
 1141 hyphenation exceptions out of 8191
 42i,6n,51p,1444b,199s stack positions out of 10000i,1000n,20000p,200000b,200000s
</app/texlive/texmf-dist/fonts/type1/public/cm-super/sfbx0900.pfb></app/texli
ve/texmf-dist/fonts/type1/public/cm-super/sfbx1200.pfb></app/texlive/texmf-dist
/fonts/type1/public/cm-super/sfbx1440.pfb></app/texlive/texmf-dist/fonts/type1/
public/cm-super/sfrm0900.pfb></app/texlive/texmf-dist/fonts/type1/public/cm-sup
er/sfrm1000.pfb></app/texlive/texmf-dist/fonts/type1/public/cm-super/sfrm1200.p
fb></app/texlive/texmf-dist/fonts/type1/public/cm-super/sfrm1728.pfb>
Output written on "section and chapters.pdf" (9 pages, 152778 bytes).
PDF statistics:
 74 PDF objects out of 1000 (max. 8388607)
 47 compressed objects within 1 object stream
 0 named destinations out of 1000 (max. 500000)
 1 words of extra memory for PDF output out of 10000 (max. 10000000)

