This is pdfTeX, Version 3.141592653-2.6-1.40.29 (TeX Live 2026) (preloaded format=pdflatex 2026.5.14)  3 JUL 2026 00:17
entering extended mode
 restricted \write18 enabled.
 %&-line parsing enabled.
**"Greek_letters and Math symbols.tex"
(./Greek_letters and Math symbols.tex
LaTeX2e <2025-11-01>
L3 programming layer <2026-03-20>
)
! Emergency stop.
<*> "Greek_letters and Math symbols.tex"
                                        
*** (job aborted, no legal \end found)

 
Here is how much of TeX's memory you used:
 14 strings out of 467363
 438 string characters out of 5419001
 434951 words of memory out of 6000000
 29198 multiletter control sequences out of 15000+600000
 627721 words of font info for 40 fonts, out of 8000000 for 9000
 1141 hyphenation exceptions out of 8191
 12i,0n,13p,68b,8s stack positions out of 10000i,1000n,20000p,200000b,200000s
!  ==> Fatal error occurred, no output PDF file produced!
