This is pdfTeX, Version 3.141592653-2.6-1.40.29 (TeX Live 2026) (preloaded format=pdflatex 2026.8.7)  17 AUG 2026 18:51
entering extended mode
 restricted \write18 enabled.
 %&-line parsing enabled.
**multiple3.tex
(./multiple3.tex
LaTeX2e <2025-11-01>
L3 programming layer <2026-03-20>
(/app/texlive/texmf-dist/tex/latex/base/article.cls
Document Class: article 2025/01/22 v1.4n Standard LaTeX document class
(/app/texlive/texmf-dist/tex/latex/base/size10.clo
File: size10.clo 2025/01/22 v1.4n Standard LaTeX file (size option)
)
\c@part=\count275
\c@section=\count276
\c@subsection=\count277
\c@subsubsection=\count278
\c@paragraph=\count279
\c@subparagraph=\count280
\c@figure=\count281
\c@table=\count282
\abovecaptionskip=\skip49
\belowcaptionskip=\skip50
\bibindent=\dimen150
)
(/app/texlive/texmf-dist/tex/latex/blindtext/blindtext.sty
Package: blindtext 2012/01/06 V2.0 blindtext-Package

(/app/texlive/texmf-dist/tex/latex/tools/xspace.sty
Package: xspace 2014/10/28 v1.13 Space after command names (DPC,MH)
)
\c@blindtext=\count283
\c@Blindtext=\count284
\c@blind@countparstart=\count285
\blind@countxx=\count286
\blindtext@numBlindtext=\count287
\blind@countyy=\count288
\c@blindlist=\count289
\c@blindlistlevel=\count290
\c@blindlist@level=\count291
\blind@listitem=\count292
\c@blind@listcount=\count293
\c@blind@levelcount=\count294
\blind@mathformula=\count295
\blind@Mathformula=\count296
\c@blind@randomcount=\count297
\c@blind@randommax=\count298
\c@blind@pangramcount=\count299
\c@blind@pangrammax=\count300
)
(/app/texlive/texmf-dist/tex/latex/tools/multicol.sty
Package: multicol 2025/10/21 v2.0b multicolumn formatting (FMi)
\c@tracingmulticols=\count301
\mult@box=\box53
\multicol@leftmargin=\dimen151
\c@unbalance=\count302
\c@collectmore=\count303
\doublecol@number=\count304
\multicoltolerance=\count305
\multicolpretolerance=\count306
\full@width=\dimen152
\page@free=\dimen153
\premulticols=\dimen154
\postmulticols=\dimen155
\multicolsep=\skip51
\multicolbaselineskip=\skip52
\partial@page=\box54
\last@line=\box55
\mc@boxedresult=\box56
\maxbalancingoverflow=\dimen156
\mult@rightbox=\box57
\mult@grightbox=\box58
\mult@firstbox=\box59
\mult@gfirstbox=\box60
\@tempa=\box61
\@tempa=\box62
\@tempa=\box63
\@tempa=\box64
\@tempa=\box65
\@tempa=\box66
\@tempa=\box67
\@tempa=\box68
\@tempa=\box69
\@tempa=\box70
\@tempa=\box71
\@tempa=\box72
\@tempa=\box73
\@tempa=\box74
\@tempa=\box75
\@tempa=\box76
\@tempa=\box77
\@tempa=\box78
\@tempa=\box79
\@tempa=\box80
\@tempa=\box81
\@tempa=\box82
\@tempa=\box83
\@tempa=\box84
\@tempa=\box85
\@tempa=\box86
\@tempa=\box87
\@tempa=\box88
\@tempa=\box89
\@tempa=\box90
\@tempa=\box91
\@tempa=\box92
\@tempa=\box93
\@tempa=\box94
\@tempa=\box95
\@tempa=\box96
\c@minrows=\count307
\c@columnbadness=\count308
\c@finalcolumnbadness=\count309
\last@try=\dimen157
\multicolovershoot=\dimen158
\multicolundershoot=\dimen159
\mult@nat@firstbox=\box97
\colbreak@box=\box98
\mc@col@check@num=\count310
\g__mc_curr_col_int=\count311
)
(/app/texlive/texmf-dist/tex/latex/l3backend/l3backend-pdftex.def
File: l3backend-pdftex.def 2026-02-18 L3 backend support: PDF output (pdfTeX)
\l__color_backend_stack_int=\count312
)
(./multiple3.aux)
\openout1 = `multiple3.aux'.

LaTeX Font Info:    Checking defaults for OML/cmm/m/it on input line 8.
LaTeX Font Info:    ... okay on input line 8.
LaTeX Font Info:    Checking defaults for OMS/cmsy/m/n on input line 8.
LaTeX Font Info:    ... okay on input line 8.
LaTeX Font Info:    Checking defaults for OT1/cmr/m/n on input line 8.
LaTeX Font Info:    ... okay on input line 8.
LaTeX Font Info:    Checking defaults for T1/cmr/m/n on input line 8.
LaTeX Font Info:    ... okay on input line 8.
LaTeX Font Info:    Checking defaults for TS1/cmr/m/n on input line 8.
LaTeX Font Info:    ... okay on input line 8.
LaTeX Font Info:    Checking defaults for OMX/cmex/m/n on input line 8.
LaTeX Font Info:    ... okay on input line 8.
LaTeX Font Info:    Checking defaults for U/cmr/m/n on input line 8.
LaTeX Font Info:    ... okay on input line 8.
LaTeX Font Info:    External font `cmex10' loaded for size
(Font)              <12> on input line 9.
LaTeX Font Info:    External font `cmex10' loaded for size
(Font)              <8> on input line 9.
LaTeX Font Info:    External font `cmex10' loaded for size
(Font)              <6> on input line 9.

Underfull \hbox (badness 5771) in paragraph at lines 15--16
\OT1/cmr/m/n/10 lor sit amet, con-
 []


Underfull \hbox (badness 10000) in paragraph at lines 15--16
\OT1/cmr/m/n/10 sectetuer adip-isc-ing
 []


Underfull \hbox (badness 10000) in paragraph at lines 15--16
\OT1/cmr/m/n/10 so-dales com-modo,
 []


Underfull \hbox (badness 6893) in paragraph at lines 15--16
\OT1/cmr/m/n/10 lec-tus velit ul-tri-ces
 []


Underfull \hbox (badness 6859) in paragraph at lines 15--16
\OT1/cmr/m/n/10 au-gue, a dig-nis-sim
 []


Underfull \hbox (badness 6268) in paragraph at lines 15--16
\OT1/cmr/m/n/10 Prae-sent in sapien.
 []


Underfull \hbox (badness 5924) in paragraph at lines 15--16
\OT1/cmr/m/n/10 Lorem ip-sum do-lor
 []


Underfull \hbox (badness 10000) in paragraph at lines 15--16
\OT1/cmr/m/n/10 fringilla tris-tique
 []


Underfull \hbox (badness 10000) in paragraph at lines 15--16
\OT1/cmr/m/n/10 quis urna dic-tum
 []


Underfull \hbox (badness 10000) in paragraph at lines 15--16
\OT1/cmr/m/n/10 per. Lorem ip-sum
 []


Underfull \hbox (badness 10000) in paragraph at lines 15--16
\OT1/cmr/m/n/10 sectetuer adip-isc-ing
 []


Underfull \hbox (badness 10000) in paragraph at lines 15--16
\OT1/cmr/m/n/10 so-dales com-modo,
 []


Underfull \hbox (badness 6893) in paragraph at lines 15--16
\OT1/cmr/m/n/10 lec-tus velit ul-tri-ces
 []


Underfull \hbox (badness 6859) in paragraph at lines 15--16
\OT1/cmr/m/n/10 au-gue, a dig-nis-sim
 []


Underfull \hbox (badness 6268) in paragraph at lines 15--16
\OT1/cmr/m/n/10 Prae-sent in sapien.
 []


Underfull \hbox (badness 5924) in paragraph at lines 15--16
\OT1/cmr/m/n/10 Lorem ip-sum do-lor
 []


Underfull \hbox (badness 10000) in paragraph at lines 15--16
\OT1/cmr/m/n/10 fringilla tris-tique
 []


Underfull \hbox (badness 6110) in paragraph at lines 15--16
\OT1/cmr/m/n/10 urna dic-tum turpis
 []

[1

{/app/texlive/texmf-var/fonts/map/pdftex/updmap/pdftex.map}] (./multiple3.aux)
 ***********
LaTeX2e <2025-11-01>
L3 programming layer <2026-03-20>
 ***********
 ) 
Here is how much of TeX's memory you used:
 820 strings out of 467363
 14814 string characters out of 5419002
 442951 words of memory out of 6000000
 29963 multiletter control sequences out of 15000+600000
 631361 words of font info for 52 fonts, out of 8000000 for 9000
 1141 hyphenation exceptions out of 8191
 42i,6n,51p,150b,275s stack positions out of 10000i,1000n,20000p,200000b,200000s
</app/texlive/texmf-dist/fonts/type1/public/amsfonts/cm/cmbx12.pfb></app/texl
ive/texmf-dist/fonts/type1/public/amsfonts/cm/cmr10.pfb></app/texlive/texmf-dis
t/fonts/type1/public/amsfonts/cm/cmr12.pfb></app/texlive/texmf-dist/fonts/type1
/public/amsfonts/cm/cmr17.pfb>
Output written on multiple3.pdf (1 page, 49577 bytes).
PDF statistics:
 28 PDF objects out of 1000 (max. 8388607)
 16 compressed objects within 1 object stream
 0 named destinations out of 1000 (max. 500000)
 1 words of extra memory for PDF output out of 10000 (max. 10000000)

