This is pdfTeX, Version 3.141592653-2.6-1.40.29 (TeX Live 2026) (preloaded format=pdflatex 2026.8.7)  15 AUG 2026 11:43
entering extended mode
 restricted \write18 enabled.
 %&-line parsing enabled.
**PageMargins2.tex
(./PageMargins2.tex
LaTeX2e <2025-11-01>
L3 programming layer <2026-03-20>
(/app/texlive/texmf-dist/tex/latex/base/article.cls
Document Class: article 2025/01/22 v1.4n Standard LaTeX document class
(/app/texlive/texmf-dist/tex/latex/base/size10.clo
File: size10.clo 2025/01/22 v1.4n Standard LaTeX file (size option)
)
\c@part=\count275
\c@section=\count276
\c@subsection=\count277
\c@subsubsection=\count278
\c@paragraph=\count279
\c@subparagraph=\count280
\c@figure=\count281
\c@table=\count282
\abovecaptionskip=\skip49
\belowcaptionskip=\skip50
\bibindent=\dimen150
)
(/app/texlive/texmf-dist/tex/latex/tools/layout.sty
Package: layout 2023-08-20 v1.2e Show layout parameters
\oneinch=\count283
\cnt@paperwidth=\count284
\cnt@paperheight=\count285
\cnt@hoffset=\count286
\cnt@voffset=\count287
\cnt@textheight=\count288
\cnt@textwidth=\count289
\cnt@topmargin=\count290
\cnt@oddsidemargin=\count291
\cnt@evensidemargin=\count292
\cnt@headheight=\count293
\cnt@headsep=\count294
\cnt@marginparsep=\count295
\cnt@marginparwidth=\count296
\cnt@marginparpush=\count297
\cnt@footskip=\count298
\fheight=\count299
\ref@top=\count300
\ref@hoffset=\count301
\ref@voffset=\count302
\ref@head=\count303
\ref@body=\count304
\ref@foot=\count305
\ref@margin=\count306
\ref@marginwidth=\count307
\ref@marginpar=\count308
\Interval=\count309
\ExtraYPos=\count310
\PositionX=\count311
\PositionY=\count312
\ArrowLength=\count313
)
(/app/texlive/texmf-dist/tex/latex/l3backend/l3backend-pdftex.def
File: l3backend-pdftex.def 2026-02-18 L3 backend support: PDF output (pdfTeX)
\l__color_backend_stack_int=\count314
)
(./PageMargins2.aux)
\openout1 = `PageMargins2.aux'.

LaTeX Font Info:    Checking defaults for OML/cmm/m/it on input line 3.
LaTeX Font Info:    ... okay on input line 3.
LaTeX Font Info:    Checking defaults for OMS/cmsy/m/n on input line 3.
LaTeX Font Info:    ... okay on input line 3.
LaTeX Font Info:    Checking defaults for OT1/cmr/m/n on input line 3.
LaTeX Font Info:    ... okay on input line 3.
LaTeX Font Info:    Checking defaults for T1/cmr/m/n on input line 3.
LaTeX Font Info:    ... okay on input line 3.
LaTeX Font Info:    Checking defaults for TS1/cmr/m/n on input line 3.
LaTeX Font Info:    ... okay on input line 3.
LaTeX Font Info:    Checking defaults for OMX/cmex/m/n on input line 3.
LaTeX Font Info:    ... okay on input line 3.
LaTeX Font Info:    Checking defaults for U/cmr/m/n on input line 3.
LaTeX Font Info:    ... okay on input line 3.
LaTeX Font Info:    External font `cmex10' loaded for size
(Font)              <14.4> on input line 4.
LaTeX Font Info:    External font `cmex10' loaded for size
(Font)              <7> on input line 4.

One-sided document style.
LaTeX Font Info:    External font `cmex10' loaded for size
(Font)              <8> on input line 9.
LaTeX Font Info:    External font `cmex10' loaded for size
(Font)              <6> on input line 9.
LaTeX Font Info:    External font `cmex10' loaded for size
(Font)              <5> on input line 9.
[1

{/app/texlive/texmf-var/fonts/map/pdftex/updmap/pdftex.map}]
One-sided document style.
[2] (./PageMargins2.aux)
 ***********
LaTeX2e <2025-11-01>
L3 programming layer <2026-03-20>
 ***********
 ) 
Here is how much of TeX's memory you used:
 555 strings out of 467363
 9731 string characters out of 5419002
 451951 words of memory out of 6000000
 29703 multiletter control sequences out of 15000+600000
 631408 words of font info for 53 fonts, out of 8000000 for 9000
 1141 hyphenation exceptions out of 8191
 35i,11n,38p,163b,211s stack positions out of 10000i,1000n,20000p,200000b,200000s
</app/texlive/texmf-dist/fonts/type1/public/amsfonts/cm/cmbx10.pfb></app/texl
ive/texmf-dist/fonts/type1/public/amsfonts/cm/cmbx12.pfb></app/texlive/texmf-di
st/fonts/type1/public/amsfonts/cm/cmr10.pfb></app/texlive/texmf-dist/fonts/type
1/public/amsfonts/cm/cmr5.pfb></app/texlive/texmf-dist/fonts/type1/public/amsfo
nts/cm/cmr8.pfb></app/texlive/texmf-dist/fonts/type1/public/amsfonts/cm/cmtt10.
pfb></app/texlive/texmf-dist/fonts/type1/public/amsfonts/cm/cmtt8.pfb></app/tex
live/texmf-dist/fonts/type1/public/amsfonts/latxfont/lcircle1.pfb></app/texlive
/texmf-dist/fonts/type1/public/amsfonts/latxfont/line10.pfb>
Output written on PageMargins2.pdf (2 pages, 84310 bytes).
PDF statistics:
 56 PDF objects out of 1000 (max. 8388607)
 33 compressed objects within 1 object stream
 0 named destinations out of 1000 (max. 500000)
 1 words of extra memory for PDF output out of 10000 (max. 10000000)

