This is pdfTeX, Version 3.141592653-2.6-1.40.29 (TeX Live 2026) (preloaded format=pdflatex 2026.8.7)  20 AUG 2026 19:28
entering extended mode
 restricted \write18 enabled.
 %&-line parsing enabled.
**codeListing1.tex
(./codeListing1.tex
LaTeX2e <2025-11-01>
L3 programming layer <2026-03-20>

! LaTeX Error: Missing \begin{document}.

See the LaTeX manual or LaTeX Companion for explanation.
Type  H <return>  for immediate help.
 ...                                              
                                                  
l.1 \begin{verbatim}
                    
You're in trouble here.  Try typing  <return>  to proceed.
If that doesn't work, type  X <return>  to quit.


Overfull \hbox (20.0pt too wide) in paragraph at lines 1--1
[] 
 []


Overfull \hbox (267.74767pt too wide) in paragraph at lines 5--5
[] \OT1/cmtt/m/n/10 Text enclosed inside \texttt{verbatim} environment[] 
 []


Overfull \hbox (104.99908pt too wide) in paragraph at lines 5--5
[] \OT1/cmtt/m/n/10 is printed directly[] 
 []


Overfull \hbox (204.74821pt too wide) in paragraph at lines 5--5
[] \OT1/cmtt/m/n/10 and all \LaTeX{} commands are ignored.[] 
 []

)
! Emergency stop.
<*> codeListing1.tex
                    
*** (job aborted, no legal \end found)

 
Here is how much of TeX's memory you used:
 20 strings out of 467363
 458 string characters out of 5419002
 434951 words of memory out of 6000000
 29203 multiletter control sequences out of 15000+600000
 627889 words of font info for 41 fonts, out of 8000000 for 9000
 1141 hyphenation exceptions out of 8191
 20i,1n,21p,77b,168s stack positions out of 10000i,1000n,20000p,200000b,200000s
!  ==> Fatal error occurred, no output PDF file produced!
